Archive member included to satisfy reference by file (symbol)

c:/program files (x86)/atmel/studio/7.0/toolchain/avr8/avr8-gnu-toolchain/bin/../lib/gcc/avr/5.4.0/avr5\libgcc.a(_divmodhi4.o)
                              MCAL/Timer0/Timer0.o (__divmodhi4)
c:/program files (x86)/atmel/studio/7.0/toolchain/avr8/avr8-gnu-toolchain/bin/../lib/gcc/avr/5.4.0/avr5\libgcc.a(_udivmodsi4.o)
                              HAL/TempSensor/TempSensor.o (__udivmodsi4)
c:/program files (x86)/atmel/studio/7.0/toolchain/avr8/avr8-gnu-toolchain/bin/../lib/gcc/avr/5.4.0/avr5\libgcc.a(_divmodsi4.o)
                              HAL/Lcd/Lcd.o (__divmodsi4)
c:/program files (x86)/atmel/studio/7.0/toolchain/avr8/avr8-gnu-toolchain/bin/../lib/gcc/avr/5.4.0/avr5\libgcc.a(_negsi2.o)
                              c:/program files (x86)/atmel/studio/7.0/toolchain/avr8/avr8-gnu-toolchain/bin/../lib/gcc/avr/5.4.0/avr5\libgcc.a(_divmodsi4.o) (__negsi2)
c:/program files (x86)/atmel/studio/7.0/toolchain/avr8/avr8-gnu-toolchain/bin/../lib/gcc/avr/5.4.0/avr5\libgcc.a(_exit.o)
                              C:/Program Files (x86)/Atmel/Studio/7.0/Packs/atmel/ATmega_DFP/1.6.364/gcc/dev/atmega32/avr5/crtatmega32.o (exit)
c:/program files (x86)/atmel/studio/7.0/toolchain/avr8/avr8-gnu-toolchain/bin/../lib/gcc/avr/5.4.0/avr5\libgcc.a(_tablejump2.o)
                              HAL/Ssd/Ssd.o (__tablejump2__)
c:/program files (x86)/atmel/studio/7.0/toolchain/avr8/avr8-gnu-toolchain/bin/../lib/gcc/avr/5.4.0/avr5\libgcc.a(_copy_data.o)
                              HAL/KeyPad/KeyPad.o (__do_copy_data)
c:/program files (x86)/atmel/studio/7.0/toolchain/avr8/avr8-gnu-toolchain/bin/../lib/gcc/avr/5.4.0/avr5\libgcc.a(_clear_bss.o)
                              MCAL/Adc/Adc.o (__do_clear_bss)
c:/program files (x86)/atmel/studio/7.0/toolchain/avr8/avr8-gnu-toolchain/bin/../lib/gcc/avr/5.4.0/avr5\libgcc.a(_umulhisi3.o)
                              HAL/TempSensor/TempSensor.o (__umulhisi3)
c:/program files (x86)/atmel/studio/7.0/toolchain/avr8/avr8-gnu-toolchain/bin/../lib/gcc/avr/5.4.0/avr5\libgcc.a(_muluhisi3.o)
                              MCAL/Timer0/Timer0.o (__muluhisi3)
c:/program files (x86)/atmel/studio/7.0/toolchain/avr8/avr8-gnu-toolchain/bin/../lib/gcc/avr/5.4.0/avr5\libgcc.a(_udivmodhi4.o)
                              c:/program files (x86)/atmel/studio/7.0/toolchain/avr8/avr8-gnu-toolchain/bin/../lib/gcc/avr/5.4.0/avr5\libgcc.a(_divmodhi4.o) (__udivmodhi4)

Allocating common symbols
Common symbol       size              file

CallBack_Adc        0x2               MCAL/Adc/Adc.o
CallBack_ExtInt     0x2               MCAL/ExtInt/ExtInt.o

Discarded input sections

 .data          0x00000000        0x0 C:/Program Files (x86)/Atmel/Studio/7.0/Packs/atmel/ATmega_DFP/1.6.364/gcc/dev/atmega32/avr5/crtatmega32.o
 .bss           0x00000000        0x0 C:/Program Files (x86)/Atmel/Studio/7.0/Packs/atmel/ATmega_DFP/1.6.364/gcc/dev/atmega32/avr5/crtatmega32.o
 .text          0x00000000        0x0 APP/main.o
 .data          0x00000000        0x0 APP/main.o
 .bss           0x00000000        0x0 APP/main.o
 .text.A_Timer0_Excution
                0x00000000        0x8 APP/main.o
 .text.A_Adc_Excution
                0x00000000        0xe APP/main.o
 .text.A_ExtInt0_Excution
                0x00000000        0x8 APP/main.o
 .text          0x00000000        0x0 HAL/Buzzer/Buzzer.o
 .data          0x00000000        0x0 HAL/Buzzer/Buzzer.o
 .bss           0x00000000        0x0 HAL/Buzzer/Buzzer.o
 .text.H_Buzzer_Init
                0x00000000        0xa HAL/Buzzer/Buzzer.o
 .text.H_Buzzer_On
                0x00000000        0xa HAL/Buzzer/Buzzer.o
 .text.H_Buzzer_Off
                0x00000000        0xa HAL/Buzzer/Buzzer.o
 .text.H_Buzzer_Tog
                0x00000000        0x8 HAL/Buzzer/Buzzer.o
 .text.H_Buzzer_BeepShort
                0x00000000       0x1c HAL/Buzzer/Buzzer.o
 .text.H_Buzzer_BeepLong
                0x00000000       0x1c HAL/Buzzer/Buzzer.o
 .text.H_Buzzer_BeepTwice
                0x00000000       0x1c HAL/Buzzer/Buzzer.o
 .text.H_Buzzer_BeepTriple
                0x00000000       0x1c HAL/Buzzer/Buzzer.o
 .debug_info    0x00000000      0x338 HAL/Buzzer/Buzzer.o
 .debug_abbrev  0x00000000       0xef HAL/Buzzer/Buzzer.o
 .debug_loc     0x00000000      0x120 HAL/Buzzer/Buzzer.o
 .debug_aranges
                0x00000000       0x58 HAL/Buzzer/Buzzer.o
 .debug_ranges  0x00000000       0x48 HAL/Buzzer/Buzzer.o
 .debug_line    0x00000000      0x209 HAL/Buzzer/Buzzer.o
 .debug_str     0x00000000      0x282 HAL/Buzzer/Buzzer.o
 .comment       0x00000000       0x31 HAL/Buzzer/Buzzer.o
 .debug_frame   0x00000000       0x94 HAL/Buzzer/Buzzer.o
 .text          0x00000000        0x0 HAL/DcMotor/DcMotor.o
 .data          0x00000000        0x0 HAL/DcMotor/DcMotor.o
 .bss           0x00000000        0x0 HAL/DcMotor/DcMotor.o
 .text.H_DcMotor_Init
                0x00000000       0x16 HAL/DcMotor/DcMotor.o
 .text.H_DcMotor_SetDirection
                0x00000000       0x2e HAL/DcMotor/DcMotor.o
 .text.H_DcMotor_SetSpeed
                0x00000000        0x6 HAL/DcMotor/DcMotor.o
 .text.H_DcMotor_Start
                0x00000000        0x6 HAL/DcMotor/DcMotor.o
 .text.H_DcMotor_Stop
                0x00000000        0x6 HAL/DcMotor/DcMotor.o
 .debug_info    0x00000000      0x233 HAL/DcMotor/DcMotor.o
 .debug_abbrev  0x00000000       0xa3 HAL/DcMotor/DcMotor.o
 .debug_loc     0x00000000       0x5b HAL/DcMotor/DcMotor.o
 .debug_aranges
                0x00000000       0x40 HAL/DcMotor/DcMotor.o
 .debug_ranges  0x00000000       0x30 HAL/DcMotor/DcMotor.o
 .debug_line    0x00000000      0x114 HAL/DcMotor/DcMotor.o
 .debug_str     0x00000000      0x281 HAL/DcMotor/DcMotor.o
 .comment       0x00000000       0x31 HAL/DcMotor/DcMotor.o
 .debug_frame   0x00000000       0x64 HAL/DcMotor/DcMotor.o
 .text          0x00000000        0x0 HAL/Eeprom/Eeprom.o
 .data          0x00000000        0x0 HAL/Eeprom/Eeprom.o
 .bss           0x00000000        0x0 HAL/Eeprom/Eeprom.o
 .text.H_Eeprom_Init
                0x00000000       0x18 HAL/Eeprom/Eeprom.o
 .text.H_Eeprom_Write
                0x00000000       0x30 HAL/Eeprom/Eeprom.o
 .text.H_Eeprom_Read
                0x00000000       0x36 HAL/Eeprom/Eeprom.o
 .debug_info    0x00000000      0x2d6 HAL/Eeprom/Eeprom.o
 .debug_abbrev  0x00000000      0x152 HAL/Eeprom/Eeprom.o
 .debug_loc     0x00000000      0x1c4 HAL/Eeprom/Eeprom.o
 .debug_aranges
                0x00000000       0x30 HAL/Eeprom/Eeprom.o
 .debug_ranges  0x00000000       0x20 HAL/Eeprom/Eeprom.o
 .debug_line    0x00000000      0x1ba HAL/Eeprom/Eeprom.o
 .debug_str     0x00000000      0x2d5 HAL/Eeprom/Eeprom.o
 .comment       0x00000000       0x31 HAL/Eeprom/Eeprom.o
 .debug_frame   0x00000000       0x60 HAL/Eeprom/Eeprom.o
 .text          0x00000000        0x0 HAL/Hc_05/Hc_05.o
 .data          0x00000000        0x0 HAL/Hc_05/Hc_05.o
 .bss           0x00000000        0x0 HAL/Hc_05/Hc_05.o
 .debug_info    0x00000000       0x64 HAL/Hc_05/Hc_05.o
 .debug_abbrev  0x00000000       0x1b HAL/Hc_05/Hc_05.o
 .debug_aranges
                0x00000000       0x18 HAL/Hc_05/Hc_05.o
 .debug_line    0x00000000       0x1a HAL/Hc_05/Hc_05.o
 .debug_str     0x00000000      0x184 HAL/Hc_05/Hc_05.o
 .comment       0x00000000       0x31 HAL/Hc_05/Hc_05.o
 .text          0x00000000        0x0 HAL/KeyPad/KeyPad.o
 .data          0x00000000        0x0 HAL/KeyPad/KeyPad.o
 .bss           0x00000000        0x0 HAL/KeyPad/KeyPad.o
 .text.H_Keypad_Init
                0x00000000       0x82 HAL/KeyPad/KeyPad.o
 .rodata        0x00000000       0x10 HAL/KeyPad/KeyPad.o
 .text.H_Keypad_Read
                0x00000000       0xc0 HAL/KeyPad/KeyPad.o
 .debug_info    0x00000000      0x3cc HAL/KeyPad/KeyPad.o
 .debug_abbrev  0x00000000      0x14a HAL/KeyPad/KeyPad.o
 .debug_loc     0x00000000      0x17e HAL/KeyPad/KeyPad.o
 .debug_aranges
                0x00000000       0x28 HAL/KeyPad/KeyPad.o
 .debug_ranges  0x00000000       0x18 HAL/KeyPad/KeyPad.o
 .debug_line    0x00000000      0x217 HAL/KeyPad/KeyPad.o
 .debug_str     0x00000000      0x281 HAL/KeyPad/KeyPad.o
 .comment       0x00000000       0x31 HAL/KeyPad/KeyPad.o
 .debug_frame   0x00000000       0x68 HAL/KeyPad/KeyPad.o
 .text          0x00000000        0x0 HAL/Lcd/Lcd.o
 .data          0x00000000        0x0 HAL/Lcd/Lcd.o
 .bss           0x00000000        0x0 HAL/Lcd/Lcd.o
 .text.H_Lcd_WriteString
                0x00000000       0x2c HAL/Lcd/Lcd.o
 .text.H_Lcd_WriteNumber
                0x00000000      0x106 HAL/Lcd/Lcd.o
 .text.H_Lcd_Clr
                0x00000000        0x8 HAL/Lcd/Lcd.o
 .text.H_Lcd_GoTo
                0x00000000       0x2a HAL/Lcd/Lcd.o
 .text.H_Lcd_ShiftRight
                0x00000000        0x8 HAL/Lcd/Lcd.o
 .text.H_Lcd_ShiftLeft
                0x00000000        0x8 HAL/Lcd/Lcd.o
 .text          0x00000000        0x0 HAL/Led/led.o
 .data          0x00000000        0x0 HAL/Led/led.o
 .bss           0x00000000        0x0 HAL/Led/led.o
 .text.H_Led_Init
                0x00000000       0x2a HAL/Led/led.o
 .text.H_Led_On
                0x00000000       0x2a HAL/Led/led.o
 .text.H_Led_Off
                0x00000000       0x2a HAL/Led/led.o
 .text.H_Led_Tog
                0x00000000       0x24 HAL/Led/led.o
 .text.H_Led_Blink_Once
                0x00000000       0x78 HAL/Led/led.o
 .text.H_Led_Blink_Twice
                0x00000000       0x24 HAL/Led/led.o
 .debug_info    0x00000000      0x496 HAL/Led/led.o
 .debug_abbrev  0x00000000      0x127 HAL/Led/led.o
 .debug_loc     0x00000000      0x30d HAL/Led/led.o
 .debug_aranges
                0x00000000       0x48 HAL/Led/led.o
 .debug_ranges  0x00000000       0x38 HAL/Led/led.o
 .debug_line    0x00000000      0x25a HAL/Led/led.o
 .debug_str     0x00000000      0x254 HAL/Led/led.o
 .comment       0x00000000       0x31 HAL/Led/led.o
 .debug_frame   0x00000000       0x7c HAL/Led/led.o
 .text          0x00000000        0x0 HAL/PushButton/PushButton.o
 .data          0x00000000        0x0 HAL/PushButton/PushButton.o
 .bss           0x00000000        0x0 HAL/PushButton/PushButton.o
 .text.H_PushButton_Init
                0x00000000       0x2a HAL/PushButton/PushButton.o
 .text.H_PushButton_Read
                0x00000000       0xc8 HAL/PushButton/PushButton.o
 .debug_info    0x00000000      0x2eb HAL/PushButton/PushButton.o
 .debug_abbrev  0x00000000      0x138 HAL/PushButton/PushButton.o
 .debug_loc     0x00000000      0x1b6 HAL/PushButton/PushButton.o
 .debug_aranges
                0x00000000       0x28 HAL/PushButton/PushButton.o
 .debug_ranges  0x00000000       0x18 HAL/PushButton/PushButton.o
 .debug_line    0x00000000      0x1f1 HAL/PushButton/PushButton.o
 .debug_str     0x00000000      0x244 HAL/PushButton/PushButton.o
 .comment       0x00000000       0x31 HAL/PushButton/PushButton.o
 .debug_frame   0x00000000       0x34 HAL/PushButton/PushButton.o
 .text          0x00000000        0x0 HAL/Relay/Relay.o
 .data          0x00000000        0x0 HAL/Relay/Relay.o
 .bss           0x00000000        0x0 HAL/Relay/Relay.o
 .text.H_Relay_Init
                0x00000000        0xa HAL/Relay/Relay.o
 .text.H_Relay_On
                0x00000000        0xa HAL/Relay/Relay.o
 .text.H_Relay_Off
                0x00000000        0xa HAL/Relay/Relay.o
 .text.H_Relay_Tog
                0x00000000        0x8 HAL/Relay/Relay.o
 .debug_info    0x00000000      0x14e HAL/Relay/Relay.o
 .debug_abbrev  0x00000000       0x64 HAL/Relay/Relay.o
 .debug_aranges
                0x00000000       0x38 HAL/Relay/Relay.o
 .debug_ranges  0x00000000       0x28 HAL/Relay/Relay.o
 .debug_line    0x00000000       0x9f HAL/Relay/Relay.o
 .debug_str     0x00000000      0x1df HAL/Relay/Relay.o
 .comment       0x00000000       0x31 HAL/Relay/Relay.o
 .debug_frame   0x00000000       0x54 HAL/Relay/Relay.o
 .text          0x00000000        0x0 HAL/ServoMotor/ServoMotor.o
 .data          0x00000000        0x0 HAL/ServoMotor/ServoMotor.o
 .bss           0x00000000        0x0 HAL/ServoMotor/ServoMotor.o
 .text.H_Servo_Init
                0x00000000       0x12 HAL/ServoMotor/ServoMotor.o
 .text.H_Servo_SetAngel
                0x00000000       0x20 HAL/ServoMotor/ServoMotor.o
 .text.H_Servo_Start
                0x00000000        0x6 HAL/ServoMotor/ServoMotor.o
 .text.H_Servo_Stop
                0x00000000        0x6 HAL/ServoMotor/ServoMotor.o
 .debug_info    0x00000000      0x1a3 HAL/ServoMotor/ServoMotor.o
 .debug_abbrev  0x00000000       0x98 HAL/ServoMotor/ServoMotor.o
 .debug_loc     0x00000000       0x48 HAL/ServoMotor/ServoMotor.o
 .debug_aranges
                0x00000000       0x38 HAL/ServoMotor/ServoMotor.o
 .debug_ranges  0x00000000       0x28 HAL/ServoMotor/ServoMotor.o
 .debug_line    0x00000000       0xe3 HAL/ServoMotor/ServoMotor.o
 .debug_str     0x00000000      0x238 HAL/ServoMotor/ServoMotor.o
 .comment       0x00000000       0x31 HAL/ServoMotor/ServoMotor.o
 .debug_frame   0x00000000       0x54 HAL/ServoMotor/ServoMotor.o
 .text          0x00000000        0x0 HAL/Ssd/Ssd.o
 .data          0x00000000        0x0 HAL/Ssd/Ssd.o
 .bss           0x00000000        0x0 HAL/Ssd/Ssd.o
 .text.H_Ssd_Digit_Display
                0x00000000      0x19c HAL/Ssd/Ssd.o
 .progmem.gcc_sw_table.H_Ssd_Digit_Display
                0x00000000       0x14 HAL/Ssd/Ssd.o
 .text.H_Ssd_Init
                0x00000000       0x32 HAL/Ssd/Ssd.o
 .text.H_Ssd_Write
                0x00000000       0x70 HAL/Ssd/Ssd.o
 .text.H_Ssd_Count_Up
                0x00000000       0x1a HAL/Ssd/Ssd.o
 .debug_info    0x00000000      0x751 HAL/Ssd/Ssd.o
 .debug_abbrev  0x00000000      0x14e HAL/Ssd/Ssd.o
 .debug_loc     0x00000000      0x393 HAL/Ssd/Ssd.o
 .debug_aranges
                0x00000000       0x38 HAL/Ssd/Ssd.o
 .debug_ranges  0x00000000       0x28 HAL/Ssd/Ssd.o
 .debug_line    0x00000000      0x358 HAL/Ssd/Ssd.o
 .debug_str     0x00000000      0x282 HAL/Ssd/Ssd.o
 .comment       0x00000000       0x31 HAL/Ssd/Ssd.o
 .debug_frame   0x00000000       0x78 HAL/Ssd/Ssd.o
 .text          0x00000000        0x0 HAL/TempSensor/TempSensor.o
 .data          0x00000000        0x0 HAL/TempSensor/TempSensor.o
 .bss           0x00000000        0x0 HAL/TempSensor/TempSensor.o
 .text.H_TempSensor_Inint
                0x00000000        0x6 HAL/TempSensor/TempSensor.o
 .text.H_TempSensor_Read
                0x00000000       0x1e HAL/TempSensor/TempSensor.o
 .debug_info    0x00000000      0x118 HAL/TempSensor/TempSensor.o
 .debug_abbrev  0x00000000       0x9b HAL/TempSensor/TempSensor.o
 .debug_loc     0x00000000       0x3f HAL/TempSensor/TempSensor.o
 .debug_aranges
                0x00000000       0x28 HAL/TempSensor/TempSensor.o
 .debug_ranges  0x00000000       0x18 HAL/TempSensor/TempSensor.o
 .debug_line    0x00000000       0x9f HAL/TempSensor/TempSensor.o
 .debug_str     0x00000000      0x1f8 HAL/TempSensor/TempSensor.o
 .comment       0x00000000       0x31 HAL/TempSensor/TempSensor.o
 .debug_frame   0x00000000       0x34 HAL/TempSensor/TempSensor.o
 .text          0x00000000        0x0 MCAL/Adc/Adc.o
 .data          0x00000000        0x0 MCAL/Adc/Adc.o
 .bss           0x00000000        0x0 MCAL/Adc/Adc.o
 .text.M_Adc_Init
                0x00000000       0x26 MCAL/Adc/Adc.o
 COMMON         0x00000000        0x2 MCAL/Adc/Adc.o
 .text          0x00000000        0x0 MCAL/Dio/Dio_prog.o
 .data          0x00000000        0x0 MCAL/Dio/Dio_prog.o
 .bss           0x00000000        0x0 MCAL/Dio/Dio_prog.o
 .text.M_Dio_PinRead
                0x00000000       0x88 MCAL/Dio/Dio_prog.o
 .text.M_Dio_PortMode
                0x00000000       0x5e MCAL/Dio/Dio_prog.o
 .text.M_Dio_PortWrite
                0x00000000       0x26 MCAL/Dio/Dio_prog.o
 .text.M_Dio_Pin_Tog
                0x00000000       0x94 MCAL/Dio/Dio_prog.o
 .text.M_Dio_PinPullUpRes
                0x00000000      0x112 MCAL/Dio/Dio_prog.o
 .text          0x00000000        0x0 MCAL/ExtInt/ExtInt.o
 .data          0x00000000        0x0 MCAL/ExtInt/ExtInt.o
 .bss           0x00000000        0x0 MCAL/ExtInt/ExtInt.o
 .text.M_ExtInt_Int0_Init
                0x00000000       0x1a MCAL/ExtInt/ExtInt.o
 .text.M_ExtInt_SetCallBack
                0x00000000        0xa MCAL/ExtInt/ExtInt.o
 .text          0x00000000        0x0 MCAL/Spi/Spi.o
 .data          0x00000000        0x0 MCAL/Spi/Spi.o
 .bss           0x00000000        0x0 MCAL/Spi/Spi.o
 .text.M_Spi_Init
                0x00000000       0x14 MCAL/Spi/Spi.o
 .text.M_Spi_Transive
                0x00000000        0xa MCAL/Spi/Spi.o
 .debug_info    0x00000000       0xba MCAL/Spi/Spi.o
 .debug_abbrev  0x00000000       0x6f MCAL/Spi/Spi.o
 .debug_loc     0x00000000       0x1f MCAL/Spi/Spi.o
 .debug_aranges
                0x00000000       0x28 MCAL/Spi/Spi.o
 .debug_ranges  0x00000000       0x18 MCAL/Spi/Spi.o
 .debug_line    0x00000000       0xb7 MCAL/Spi/Spi.o
 .debug_str     0x00000000      0x1ae MCAL/Spi/Spi.o
 .comment       0x00000000       0x31 MCAL/Spi/Spi.o
 .debug_frame   0x00000000       0x34 MCAL/Spi/Spi.o
 .text          0x00000000        0x0 MCAL/Timer0/Timer0.o
 .data          0x00000000        0x0 MCAL/Timer0/Timer0.o
 .bss           0x00000000        0x0 MCAL/Timer0/Timer0.o
 .text.M_Timer0_Init
                0x00000000       0x1a MCAL/Timer0/Timer0.o
 .text.M_Timer0_Start
                0x00000000       0x14 MCAL/Timer0/Timer0.o
 .text.M_Timer0_SetTime
                0x00000000       0xaa MCAL/Timer0/Timer0.o
 .text.M_Timer0_Stop
                0x00000000       0x14 MCAL/Timer0/Timer0.o
 .text.M_Timer0_SetCallBack
                0x00000000        0xa MCAL/Timer0/Timer0.o
 .text.M_Timer0_Pwm0_Init
                0x00000000       0x1c MCAL/Timer0/Timer0.o
 .text.M_Timer0_Pwm0_SetDutyCycle
                0x00000000       0x14 MCAL/Timer0/Timer0.o
 .text.M_Timer0_Pwm0_Start
                0x00000000        0x6 MCAL/Timer0/Timer0.o
 .text.M_Timer0_Pwm0_Stop
                0x00000000        0x6 MCAL/Timer0/Timer0.o
 .bss.Timer0_u8_RemTicks
                0x00000000        0x1 MCAL/Timer0/Timer0.o
 .bss.Timer0_u32_NumofOverFlow
                0x00000000        0x4 MCAL/Timer0/Timer0.o
 .text          0x00000000        0x0 MCAL/Timer1/Timer1.o
 .data          0x00000000        0x0 MCAL/Timer1/Timer1.o
 .bss           0x00000000        0x0 MCAL/Timer1/Timer1.o
 .text.M_Timer1_Pwm1_Init
                0x00000000       0x28 MCAL/Timer1/Timer1.o
 .text.M_Timer1_Pwm1_SetFreq
                0x00000000       0x16 MCAL/Timer1/Timer1.o
 .text.M_Timer1_Pwm1_SetDutyCycle
                0x00000000       0x2e MCAL/Timer1/Timer1.o
 .text.M_Timer1_Pwm1_Start
                0x00000000       0x14 MCAL/Timer1/Timer1.o
 .text.M_Timer1_Pwm1_Stop
                0x00000000       0x14 MCAL/Timer1/Timer1.o
 .debug_info    0x00000000      0x126 MCAL/Timer1/Timer1.o
 .debug_abbrev  0x00000000       0x6f MCAL/Timer1/Timer1.o
 .debug_loc     0x00000000       0x6e MCAL/Timer1/Timer1.o
 .debug_aranges
                0x00000000       0x40 MCAL/Timer1/Timer1.o
 .debug_ranges  0x00000000       0x30 MCAL/Timer1/Timer1.o
 .debug_line    0x00000000       0xf5 MCAL/Timer1/Timer1.o
 .debug_str     0x00000000      0x219 MCAL/Timer1/Timer1.o
 .comment       0x00000000       0x31 MCAL/Timer1/Timer1.o
 .debug_frame   0x00000000       0x64 MCAL/Timer1/Timer1.o
 .text          0x00000000        0x0 MCAL/Twi/Twi.o
 .data          0x00000000        0x0 MCAL/Twi/Twi.o
 .bss           0x00000000        0x0 MCAL/Twi/Twi.o
 .text.M_Twi_Init
                0x00000000        0xc MCAL/Twi/Twi.o
 .text.M_Twi_StartCondition
                0x00000000       0x1c MCAL/Twi/Twi.o
 .text.M_Twi_SendSlaveAdressWrite
                0x00000000       0x20 MCAL/Twi/Twi.o
 .text.M_Twi_SendSlaveAdressRead
                0x00000000       0x1c MCAL/Twi/Twi.o
 .text.M_Twi_SendByte
                0x00000000       0x1e MCAL/Twi/Twi.o
 .text.M_Twi_ReadByte
                0x00000000       0x2a MCAL/Twi/Twi.o
 .text.M_Twi_RepeatedStart
                0x00000000       0x1c MCAL/Twi/Twi.o
 .text.M_Twi_StopCondition
                0x00000000        0xe MCAL/Twi/Twi.o
 .text.M_Twi_ACK
                0x00000000       0x14 MCAL/Twi/Twi.o
 .debug_info    0x00000000      0x180 MCAL/Twi/Twi.o
 .debug_abbrev  0x00000000       0x89 MCAL/Twi/Twi.o
 .debug_loc     0x00000000       0x6f MCAL/Twi/Twi.o
 .debug_aranges
                0x00000000       0x60 MCAL/Twi/Twi.o
 .debug_ranges  0x00000000       0x50 MCAL/Twi/Twi.o
 .debug_line    0x00000000      0x20d MCAL/Twi/Twi.o
 .debug_str     0x00000000      0x244 MCAL/Twi/Twi.o
 .comment       0x00000000       0x31 MCAL/Twi/Twi.o
 .debug_frame   0x00000000       0xa4 MCAL/Twi/Twi.o
 .text          0x00000000        0x0 MCAL/Uart/Uart.o
 .data          0x00000000        0x0 MCAL/Uart/Uart.o
 .bss           0x00000000        0x0 MCAL/Uart/Uart.o
 .text.M_Uart_Init
                0x00000000       0x1c MCAL/Uart/Uart.o
 .text.M_Uart_Transmit
                0x00000000        0x8 MCAL/Uart/Uart.o
 .text.M_Uart_Rec
                0x00000000        0x8 MCAL/Uart/Uart.o
 .debug_info    0x00000000      0x106 MCAL/Uart/Uart.o
 .debug_abbrev  0x00000000       0x8f MCAL/Uart/Uart.o
 .debug_aranges
                0x00000000       0x30 MCAL/Uart/Uart.o
 .debug_ranges  0x00000000       0x20 MCAL/Uart/Uart.o
 .debug_line    0x00000000       0xd9 MCAL/Uart/Uart.o
 .debug_str     0x00000000      0x1d7 MCAL/Uart/Uart.o
 .comment       0x00000000       0x31 MCAL/Uart/Uart.o
 .debug_frame   0x00000000       0x44 MCAL/Uart/Uart.o
 .text          0x00000000        0x0 MCAL/Wdt/Wdt.o
 .data          0x00000000        0x0 MCAL/Wdt/Wdt.o
 .bss           0x00000000        0x0 MCAL/Wdt/Wdt.o
 .text.M_Wdt_Init
                0x00000000       0x1a MCAL/Wdt/Wdt.o
 .text.M_Wdt_Refresh
                0x00000000        0x4 MCAL/Wdt/Wdt.o
 .debug_info    0x00000000       0xa6 MCAL/Wdt/Wdt.o
 .debug_abbrev  0x00000000       0x46 MCAL/Wdt/Wdt.o
 .debug_aranges
                0x00000000       0x28 MCAL/Wdt/Wdt.o
 .debug_ranges  0x00000000       0x18 MCAL/Wdt/Wdt.o
 .debug_line    0x00000000       0x83 MCAL/Wdt/Wdt.o
 .debug_str     0x00000000      0x19a MCAL/Wdt/Wdt.o
 .comment       0x00000000       0x31 MCAL/Wdt/Wdt.o
 .debug_frame   0x00000000       0x34 MCAL/Wdt/Wdt.o
 .text          0x00000000        0x0 c:/program files (x86)/atmel/studio/7.0/toolchain/avr8/avr8-gnu-toolchain/bin/../lib/gcc/avr/5.4.0/avr5\libgcc.a(_divmodhi4.o)
 .data          0x00000000        0x0 c:/program files (x86)/atmel/studio/7.0/toolchain/avr8/avr8-gnu-toolchain/bin/../lib/gcc/avr/5.4.0/avr5\libgcc.a(_divmodhi4.o)
 .bss           0x00000000        0x0 c:/program files (x86)/atmel/studio/7.0/toolchain/avr8/avr8-gnu-toolchain/bin/../lib/gcc/avr/5.4.0/avr5\libgcc.a(_divmodhi4.o)
 .text.libgcc.mul
                0x00000000        0x0 c:/program files (x86)/atmel/studio/7.0/toolchain/avr8/avr8-gnu-toolchain/bin/../lib/gcc/avr/5.4.0/avr5\libgcc.a(_divmodhi4.o)
 .text.libgcc.div
                0x00000000       0x28 c:/program files (x86)/atmel/studio/7.0/toolchain/avr8/avr8-gnu-toolchain/bin/../lib/gcc/avr/5.4.0/avr5\libgcc.a(_divmodhi4.o)
 .text.libgcc   0x00000000        0x0 c:/program files (x86)/atmel/studio/7.0/toolchain/avr8/avr8-gnu-toolchain/bin/../lib/gcc/avr/5.4.0/avr5\libgcc.a(_divmodhi4.o)
 .text.libgcc.prologue
                0x00000000        0x0 c:/program files (x86)/atmel/studio/7.0/toolchain/avr8/avr8-gnu-toolchain/bin/../lib/gcc/avr/5.4.0/avr5\libgcc.a(_divmodhi4.o)
 .text.libgcc.builtins
                0x00000000        0x0 c:/program files (x86)/atmel/studio/7.0/toolchain/avr8/avr8-gnu-toolchain/bin/../lib/gcc/avr/5.4.0/avr5\libgcc.a(_divmodhi4.o)
 .text.libgcc.fmul
                0x00000000        0x0 c:/program files (x86)/atmel/studio/7.0/toolchain/avr8/avr8-gnu-toolchain/bin/../lib/gcc/avr/5.4.0/avr5\libgcc.a(_divmodhi4.o)
 .text.libgcc.fixed
                0x00000000        0x0 c:/program files (x86)/atmel/studio/7.0/toolchain/avr8/avr8-gnu-toolchain/bin/../lib/gcc/avr/5.4.0/avr5\libgcc.a(_divmodhi4.o)
 .text          0x00000000        0x0 c:/program files (x86)/atmel/studio/7.0/toolchain/avr8/avr8-gnu-toolchain/bin/../lib/gcc/avr/5.4.0/avr5\libgcc.a(_udivmodsi4.o)
 .data          0x00000000        0x0 c:/program files (x86)/atmel/studio/7.0/toolchain/avr8/avr8-gnu-toolchain/bin/../lib/gcc/avr/5.4.0/avr5\libgcc.a(_udivmodsi4.o)
 .bss           0x00000000        0x0 c:/program files (x86)/atmel/studio/7.0/toolchain/avr8/avr8-gnu-toolchain/bin/../lib/gcc/avr/5.4.0/avr5\libgcc.a(_udivmodsi4.o)
 .text.libgcc.mul
                0x00000000        0x0 c:/program files (x86)/atmel/studio/7.0/toolchain/avr8/avr8-gnu-toolchain/bin/../lib/gcc/avr/5.4.0/avr5\libgcc.a(_udivmodsi4.o)
 .text.libgcc.div
                0x00000000       0x44 c:/program files (x86)/atmel/studio/7.0/toolchain/avr8/avr8-gnu-toolchain/bin/../lib/gcc/avr/5.4.0/avr5\libgcc.a(_udivmodsi4.o)
 .text.libgcc   0x00000000        0x0 c:/program files (x86)/atmel/studio/7.0/toolchain/avr8/avr8-gnu-toolchain/bin/../lib/gcc/avr/5.4.0/avr5\libgcc.a(_udivmodsi4.o)
 .text.libgcc.prologue
                0x00000000        0x0 c:/program files (x86)/atmel/studio/7.0/toolchain/avr8/avr8-gnu-toolchain/bin/../lib/gcc/avr/5.4.0/avr5\libgcc.a(_udivmodsi4.o)
 .text.libgcc.builtins
                0x00000000        0x0 c:/program files (x86)/atmel/studio/7.0/toolchain/avr8/avr8-gnu-toolchain/bin/../lib/gcc/avr/5.4.0/avr5\libgcc.a(_udivmodsi4.o)
 .text.libgcc.fmul
                0x00000000        0x0 c:/program files (x86)/atmel/studio/7.0/toolchain/avr8/avr8-gnu-toolchain/bin/../lib/gcc/avr/5.4.0/avr5\libgcc.a(_udivmodsi4.o)
 .text.libgcc.fixed
                0x00000000        0x0 c:/program files (x86)/atmel/studio/7.0/toolchain/avr8/avr8-gnu-toolchain/bin/../lib/gcc/avr/5.4.0/avr5\libgcc.a(_udivmodsi4.o)
 .text          0x00000000        0x0 c:/program files (x86)/atmel/studio/7.0/toolchain/avr8/avr8-gnu-toolchain/bin/../lib/gcc/avr/5.4.0/avr5\libgcc.a(_divmodsi4.o)
 .data          0x00000000        0x0 c:/program files (x86)/atmel/studio/7.0/toolchain/avr8/avr8-gnu-toolchain/bin/../lib/gcc/avr/5.4.0/avr5\libgcc.a(_divmodsi4.o)
 .bss           0x00000000        0x0 c:/program files (x86)/atmel/studio/7.0/toolchain/avr8/avr8-gnu-toolchain/bin/../lib/gcc/avr/5.4.0/avr5\libgcc.a(_divmodsi4.o)
 .text.libgcc.mul
                0x00000000        0x0 c:/program files (x86)/atmel/studio/7.0/toolchain/avr8/avr8-gnu-toolchain/bin/../lib/gcc/avr/5.4.0/avr5\libgcc.a(_divmodsi4.o)
 .text.libgcc.div
                0x00000000       0x2e c:/program files (x86)/atmel/studio/7.0/toolchain/avr8/avr8-gnu-toolchain/bin/../lib/gcc/avr/5.4.0/avr5\libgcc.a(_divmodsi4.o)
 .text.libgcc   0x00000000        0x0 c:/program files (x86)/atmel/studio/7.0/toolchain/avr8/avr8-gnu-toolchain/bin/../lib/gcc/avr/5.4.0/avr5\libgcc.a(_divmodsi4.o)
 .text.libgcc.prologue
                0x00000000        0x0 c:/program files (x86)/atmel/studio/7.0/toolchain/avr8/avr8-gnu-toolchain/bin/../lib/gcc/avr/5.4.0/avr5\libgcc.a(_divmodsi4.o)
 .text.libgcc.builtins
                0x00000000        0x0 c:/program files (x86)/atmel/studio/7.0/toolchain/avr8/avr8-gnu-toolchain/bin/../lib/gcc/avr/5.4.0/avr5\libgcc.a(_divmodsi4.o)
 .text.libgcc.fmul
                0x00000000        0x0 c:/program files (x86)/atmel/studio/7.0/toolchain/avr8/avr8-gnu-toolchain/bin/../lib/gcc/avr/5.4.0/avr5\libgcc.a(_divmodsi4.o)
 .text.libgcc.fixed
                0x00000000        0x0 c:/program files (x86)/atmel/studio/7.0/toolchain/avr8/avr8-gnu-toolchain/bin/../lib/gcc/avr/5.4.0/avr5\libgcc.a(_divmodsi4.o)
 .text          0x00000000        0x0 c:/program files (x86)/atmel/studio/7.0/toolchain/avr8/avr8-gnu-toolchain/bin/../lib/gcc/avr/5.4.0/avr5\libgcc.a(_negsi2.o)
 .data          0x00000000        0x0 c:/program files (x86)/atmel/studio/7.0/toolchain/avr8/avr8-gnu-toolchain/bin/../lib/gcc/avr/5.4.0/avr5\libgcc.a(_negsi2.o)
 .bss           0x00000000        0x0 c:/program files (x86)/atmel/studio/7.0/toolchain/avr8/avr8-gnu-toolchain/bin/../lib/gcc/avr/5.4.0/avr5\libgcc.a(_negsi2.o)
 .text.libgcc.mul
                0x00000000        0x0 c:/program files (x86)/atmel/studio/7.0/toolchain/avr8/avr8-gnu-toolchain/bin/../lib/gcc/avr/5.4.0/avr5\libgcc.a(_negsi2.o)
 .text.libgcc.div
                0x00000000       0x10 c:/program files (x86)/atmel/studio/7.0/toolchain/avr8/avr8-gnu-toolchain/bin/../lib/gcc/avr/5.4.0/avr5\libgcc.a(_negsi2.o)
 .text.libgcc   0x00000000        0x0 c:/program files (x86)/atmel/studio/7.0/toolchain/avr8/avr8-gnu-toolchain/bin/../lib/gcc/avr/5.4.0/avr5\libgcc.a(_negsi2.o)
 .text.libgcc.prologue
                0x00000000        0x0 c:/program files (x86)/atmel/studio/7.0/toolchain/avr8/avr8-gnu-toolchain/bin/../lib/gcc/avr/5.4.0/avr5\libgcc.a(_negsi2.o)
 .text.libgcc.builtins
                0x00000000        0x0 c:/program files (x86)/atmel/studio/7.0/toolchain/avr8/avr8-gnu-toolchain/bin/../lib/gcc/avr/5.4.0/avr5\libgcc.a(_negsi2.o)
 .text.libgcc.fmul
                0x00000000        0x0 c:/program files (x86)/atmel/studio/7.0/toolchain/avr8/avr8-gnu-toolchain/bin/../lib/gcc/avr/5.4.0/avr5\libgcc.a(_negsi2.o)
 .text.libgcc.fixed
                0x00000000        0x0 c:/program files (x86)/atmel/studio/7.0/toolchain/avr8/avr8-gnu-toolchain/bin/../lib/gcc/avr/5.4.0/avr5\libgcc.a(_negsi2.o)
 .text          0x00000000        0x0 c:/program files (x86)/atmel/studio/7.0/toolchain/avr8/avr8-gnu-toolchain/bin/../lib/gcc/avr/5.4.0/avr5\libgcc.a(_exit.o)
 .data          0x00000000        0x0 c:/program files (x86)/atmel/studio/7.0/toolchain/avr8/avr8-gnu-toolchain/bin/../lib/gcc/avr/5.4.0/avr5\libgcc.a(_exit.o)
 .bss           0x00000000        0x0 c:/program files (x86)/atmel/studio/7.0/toolchain/avr8/avr8-gnu-toolchain/bin/../lib/gcc/avr/5.4.0/avr5\libgcc.a(_exit.o)
 .text.libgcc.mul
                0x00000000        0x0 c:/program files (x86)/atmel/studio/7.0/toolchain/avr8/avr8-gnu-toolchain/bin/../lib/gcc/avr/5.4.0/avr5\libgcc.a(_exit.o)
 .text.libgcc.div
                0x00000000        0x0 c:/program files (x86)/atmel/studio/7.0/toolchain/avr8/avr8-gnu-toolchain/bin/../lib/gcc/avr/5.4.0/avr5\libgcc.a(_exit.o)
 .text.libgcc   0x00000000        0x0 c:/program files (x86)/atmel/studio/7.0/toolchain/avr8/avr8-gnu-toolchain/bin/../lib/gcc/avr/5.4.0/avr5\libgcc.a(_exit.o)
 .text.libgcc.prologue
                0x00000000        0x0 c:/program files (x86)/atmel/studio/7.0/toolchain/avr8/avr8-gnu-toolchain/bin/../lib/gcc/avr/5.4.0/avr5\libgcc.a(_exit.o)
 .text.libgcc.builtins
                0x00000000        0x0 c:/program files (x86)/atmel/studio/7.0/toolchain/avr8/avr8-gnu-toolchain/bin/../lib/gcc/avr/5.4.0/avr5\libgcc.a(_exit.o)
 .text.libgcc.fmul
                0x00000000        0x0 c:/program files (x86)/atmel/studio/7.0/toolchain/avr8/avr8-gnu-toolchain/bin/../lib/gcc/avr/5.4.0/avr5\libgcc.a(_exit.o)
 .text.libgcc.fixed
                0x00000000        0x0 c:/program files (x86)/atmel/studio/7.0/toolchain/avr8/avr8-gnu-toolchain/bin/../lib/gcc/avr/5.4.0/avr5\libgcc.a(_exit.o)
 .text          0x00000000        0x0 c:/program files (x86)/atmel/studio/7.0/toolchain/avr8/avr8-gnu-toolchain/bin/../lib/gcc/avr/5.4.0/avr5\libgcc.a(_tablejump2.o)
 .data          0x00000000        0x0 c:/program files (x86)/atmel/studio/7.0/toolchain/avr8/avr8-gnu-toolchain/bin/../lib/gcc/avr/5.4.0/avr5\libgcc.a(_tablejump2.o)
 .bss           0x00000000        0x0 c:/program files (x86)/atmel/studio/7.0/toolchain/avr8/avr8-gnu-toolchain/bin/../lib/gcc/avr/5.4.0/avr5\libgcc.a(_tablejump2.o)
 .text.libgcc.mul
                0x00000000        0x0 c:/program files (x86)/atmel/studio/7.0/toolchain/avr8/avr8-gnu-toolchain/bin/../lib/gcc/avr/5.4.0/avr5\libgcc.a(_tablejump2.o)
 .text.libgcc.div
                0x00000000        0x0 c:/program files (x86)/atmel/studio/7.0/toolchain/avr8/avr8-gnu-toolchain/bin/../lib/gcc/avr/5.4.0/avr5\libgcc.a(_tablejump2.o)
 .text.libgcc   0x00000000        0xc c:/program files (x86)/atmel/studio/7.0/toolchain/avr8/avr8-gnu-toolchain/bin/../lib/gcc/avr/5.4.0/avr5\libgcc.a(_tablejump2.o)
 .text.libgcc.prologue
                0x00000000        0x0 c:/program files (x86)/atmel/studio/7.0/toolchain/avr8/avr8-gnu-toolchain/bin/../lib/gcc/avr/5.4.0/avr5\libgcc.a(_tablejump2.o)
 .text.libgcc.builtins
                0x00000000        0x0 c:/program files (x86)/atmel/studio/7.0/toolchain/avr8/avr8-gnu-toolchain/bin/../lib/gcc/avr/5.4.0/avr5\libgcc.a(_tablejump2.o)
 .text.libgcc.fmul
                0x00000000        0x0 c:/program files (x86)/atmel/studio/7.0/toolchain/avr8/avr8-gnu-toolchain/bin/../lib/gcc/avr/5.4.0/avr5\libgcc.a(_tablejump2.o)
 .text.libgcc.fixed
                0x00000000        0x0 c:/program files (x86)/atmel/studio/7.0/toolchain/avr8/avr8-gnu-toolchain/bin/../lib/gcc/avr/5.4.0/avr5\libgcc.a(_tablejump2.o)
 .text          0x00000000        0x0 c:/program files (x86)/atmel/studio/7.0/toolchain/avr8/avr8-gnu-toolchain/bin/../lib/gcc/avr/5.4.0/avr5\libgcc.a(_copy_data.o)
 .data          0x00000000        0x0 c:/program files (x86)/atmel/studio/7.0/toolchain/avr8/avr8-gnu-toolchain/bin/../lib/gcc/avr/5.4.0/avr5\libgcc.a(_copy_data.o)
 .bss           0x00000000        0x0 c:/program files (x86)/atmel/studio/7.0/toolchain/avr8/avr8-gnu-toolchain/bin/../lib/gcc/avr/5.4.0/avr5\libgcc.a(_copy_data.o)
 .text.libgcc.mul
                0x00000000        0x0 c:/program files (x86)/atmel/studio/7.0/toolchain/avr8/avr8-gnu-toolchain/bin/../lib/gcc/avr/5.4.0/avr5\libgcc.a(_copy_data.o)
 .text.libgcc.div
                0x00000000        0x0 c:/program files (x86)/atmel/studio/7.0/toolchain/avr8/avr8-gnu-toolchain/bin/../lib/gcc/avr/5.4.0/avr5\libgcc.a(_copy_data.o)
 .text.libgcc   0x00000000        0x0 c:/program files (x86)/atmel/studio/7.0/toolchain/avr8/avr8-gnu-toolchain/bin/../lib/gcc/avr/5.4.0/avr5\libgcc.a(_copy_data.o)
 .text.libgcc.prologue
                0x00000000        0x0 c:/program files (x86)/atmel/studio/7.0/toolchain/avr8/avr8-gnu-toolchain/bin/../lib/gcc/avr/5.4.0/avr5\libgcc.a(_copy_data.o)
 .text.libgcc.builtins
                0x00000000        0x0 c:/program files (x86)/atmel/studio/7.0/toolchain/avr8/avr8-gnu-toolchain/bin/../lib/gcc/avr/5.4.0/avr5\libgcc.a(_copy_data.o)
 .text.libgcc.fmul
                0x00000000        0x0 c:/program files (x86)/atmel/studio/7.0/toolchain/avr8/avr8-gnu-toolchain/bin/../lib/gcc/avr/5.4.0/avr5\libgcc.a(_copy_data.o)
 .text.libgcc.fixed
                0x00000000        0x0 c:/program files (x86)/atmel/studio/7.0/toolchain/avr8/avr8-gnu-toolchain/bin/../lib/gcc/avr/5.4.0/avr5\libgcc.a(_copy_data.o)
 .text          0x00000000        0x0 c:/program files (x86)/atmel/studio/7.0/toolchain/avr8/avr8-gnu-toolchain/bin/../lib/gcc/avr/5.4.0/avr5\libgcc.a(_clear_bss.o)
 .data          0x00000000        0x0 c:/program files (x86)/atmel/studio/7.0/toolchain/avr8/avr8-gnu-toolchain/bin/../lib/gcc/avr/5.4.0/avr5\libgcc.a(_clear_bss.o)
 .bss           0x00000000        0x0 c:/program files (x86)/atmel/studio/7.0/toolchain/avr8/avr8-gnu-toolchain/bin/../lib/gcc/avr/5.4.0/avr5\libgcc.a(_clear_bss.o)
 .text.libgcc.mul
                0x00000000        0x0 c:/program files (x86)/atmel/studio/7.0/toolchain/avr8/avr8-gnu-toolchain/bin/../lib/gcc/avr/5.4.0/avr5\libgcc.a(_clear_bss.o)
 .text.libgcc.div
                0x00000000        0x0 c:/program files (x86)/atmel/studio/7.0/toolchain/avr8/avr8-gnu-toolchain/bin/../lib/gcc/avr/5.4.0/avr5\libgcc.a(_clear_bss.o)
 .text.libgcc   0x00000000        0x0 c:/program files (x86)/atmel/studio/7.0/toolchain/avr8/avr8-gnu-toolchain/bin/../lib/gcc/avr/5.4.0/avr5\libgcc.a(_clear_bss.o)
 .text.libgcc.prologue
                0x00000000        0x0 c:/program files (x86)/atmel/studio/7.0/toolchain/avr8/avr8-gnu-toolchain/bin/../lib/gcc/avr/5.4.0/avr5\libgcc.a(_clear_bss.o)
 .text.libgcc.builtins
                0x00000000        0x0 c:/program files (x86)/atmel/studio/7.0/toolchain/avr8/avr8-gnu-toolchain/bin/../lib/gcc/avr/5.4.0/avr5\libgcc.a(_clear_bss.o)
 .text.libgcc.fmul
                0x00000000        0x0 c:/program files (x86)/atmel/studio/7.0/toolchain/avr8/avr8-gnu-toolchain/bin/../lib/gcc/avr/5.4.0/avr5\libgcc.a(_clear_bss.o)
 .text.libgcc.fixed
                0x00000000        0x0 c:/program files (x86)/atmel/studio/7.0/toolchain/avr8/avr8-gnu-toolchain/bin/../lib/gcc/avr/5.4.0/avr5\libgcc.a(_clear_bss.o)
 .text          0x00000000        0x0 c:/program files (x86)/atmel/studio/7.0/toolchain/avr8/avr8-gnu-toolchain/bin/../lib/gcc/avr/5.4.0/avr5\libgcc.a(_umulhisi3.o)
 .data          0x00000000        0x0 c:/program files (x86)/atmel/studio/7.0/toolchain/avr8/avr8-gnu-toolchain/bin/../lib/gcc/avr/5.4.0/avr5\libgcc.a(_umulhisi3.o)
 .bss           0x00000000        0x0 c:/program files (x86)/atmel/studio/7.0/toolchain/avr8/avr8-gnu-toolchain/bin/../lib/gcc/avr/5.4.0/avr5\libgcc.a(_umulhisi3.o)
 .text.libgcc.mul
                0x00000000       0x1e c:/program files (x86)/atmel/studio/7.0/toolchain/avr8/avr8-gnu-toolchain/bin/../lib/gcc/avr/5.4.0/avr5\libgcc.a(_umulhisi3.o)
 .text.libgcc.div
                0x00000000        0x0 c:/program files (x86)/atmel/studio/7.0/toolchain/avr8/avr8-gnu-toolchain/bin/../lib/gcc/avr/5.4.0/avr5\libgcc.a(_umulhisi3.o)
 .text.libgcc   0x00000000        0x0 c:/program files (x86)/atmel/studio/7.0/toolchain/avr8/avr8-gnu-toolchain/bin/../lib/gcc/avr/5.4.0/avr5\libgcc.a(_umulhisi3.o)
 .text.libgcc.prologue
                0x00000000        0x0 c:/program files (x86)/atmel/studio/7.0/toolchain/avr8/avr8-gnu-toolchain/bin/../lib/gcc/avr/5.4.0/avr5\libgcc.a(_umulhisi3.o)
 .text.libgcc.builtins
                0x00000000        0x0 c:/program files (x86)/atmel/studio/7.0/toolchain/avr8/avr8-gnu-toolchain/bin/../lib/gcc/avr/5.4.0/avr5\libgcc.a(_umulhisi3.o)
 .text.libgcc.fmul
                0x00000000        0x0 c:/program files (x86)/atmel/studio/7.0/toolchain/avr8/avr8-gnu-toolchain/bin/../lib/gcc/avr/5.4.0/avr5\libgcc.a(_umulhisi3.o)
 .text.libgcc.fixed
                0x00000000        0x0 c:/program files (x86)/atmel/studio/7.0/toolchain/avr8/avr8-gnu-toolchain/bin/../lib/gcc/avr/5.4.0/avr5\libgcc.a(_umulhisi3.o)
 .text          0x00000000        0x0 c:/program files (x86)/atmel/studio/7.0/toolchain/avr8/avr8-gnu-toolchain/bin/../lib/gcc/avr/5.4.0/avr5\libgcc.a(_muluhisi3.o)
 .data          0x00000000        0x0 c:/program files (x86)/atmel/studio/7.0/toolchain/avr8/avr8-gnu-toolchain/bin/../lib/gcc/avr/5.4.0/avr5\libgcc.a(_muluhisi3.o)
 .bss           0x00000000        0x0 c:/program files (x86)/atmel/studio/7.0/toolchain/avr8/avr8-gnu-toolchain/bin/../lib/gcc/avr/5.4.0/avr5\libgcc.a(_muluhisi3.o)
 .text.libgcc.mul
                0x00000000       0x16 c:/program files (x86)/atmel/studio/7.0/toolchain/avr8/avr8-gnu-toolchain/bin/../lib/gcc/avr/5.4.0/avr5\libgcc.a(_muluhisi3.o)
 .text.libgcc.div
                0x00000000        0x0 c:/program files (x86)/atmel/studio/7.0/toolchain/avr8/avr8-gnu-toolchain/bin/../lib/gcc/avr/5.4.0/avr5\libgcc.a(_muluhisi3.o)
 .text.libgcc   0x00000000        0x0 c:/program files (x86)/atmel/studio/7.0/toolchain/avr8/avr8-gnu-toolchain/bin/../lib/gcc/avr/5.4.0/avr5\libgcc.a(_muluhisi3.o)
 .text.libgcc.prologue
                0x00000000        0x0 c:/program files (x86)/atmel/studio/7.0/toolchain/avr8/avr8-gnu-toolchain/bin/../lib/gcc/avr/5.4.0/avr5\libgcc.a(_muluhisi3.o)
 .text.libgcc.builtins
                0x00000000        0x0 c:/program files (x86)/atmel/studio/7.0/toolchain/avr8/avr8-gnu-toolchain/bin/../lib/gcc/avr/5.4.0/avr5\libgcc.a(_muluhisi3.o)
 .text.libgcc.fmul
                0x00000000        0x0 c:/program files (x86)/atmel/studio/7.0/toolchain/avr8/avr8-gnu-toolchain/bin/../lib/gcc/avr/5.4.0/avr5\libgcc.a(_muluhisi3.o)
 .text.libgcc.fixed
                0x00000000        0x0 c:/program files (x86)/atmel/studio/7.0/toolchain/avr8/avr8-gnu-toolchain/bin/../lib/gcc/avr/5.4.0/avr5\libgcc.a(_muluhisi3.o)
 .text          0x00000000        0x0 c:/program files (x86)/atmel/studio/7.0/toolchain/avr8/avr8-gnu-toolchain/bin/../lib/gcc/avr/5.4.0/avr5\libgcc.a(_udivmodhi4.o)
 .data          0x00000000        0x0 c:/program files (x86)/atmel/studio/7.0/toolchain/avr8/avr8-gnu-toolchain/bin/../lib/gcc/avr/5.4.0/avr5\libgcc.a(_udivmodhi4.o)
 .bss           0x00000000        0x0 c:/program files (x86)/atmel/studio/7.0/toolchain/avr8/avr8-gnu-toolchain/bin/../lib/gcc/avr/5.4.0/avr5\libgcc.a(_udivmodhi4.o)
 .text.libgcc.mul
                0x00000000        0x0 c:/program files (x86)/atmel/studio/7.0/toolchain/avr8/avr8-gnu-toolchain/bin/../lib/gcc/avr/5.4.0/avr5\libgcc.a(_udivmodhi4.o)
 .text.libgcc.div
                0x00000000       0x28 c:/program files (x86)/atmel/studio/7.0/toolchain/avr8/avr8-gnu-toolchain/bin/../lib/gcc/avr/5.4.0/avr5\libgcc.a(_udivmodhi4.o)
 .text.libgcc   0x00000000        0x0 c:/program files (x86)/atmel/studio/7.0/toolchain/avr8/avr8-gnu-toolchain/bin/../lib/gcc/avr/5.4.0/avr5\libgcc.a(_udivmodhi4.o)
 .text.libgcc.prologue
                0x00000000        0x0 c:/program files (x86)/atmel/studio/7.0/toolchain/avr8/avr8-gnu-toolchain/bin/../lib/gcc/avr/5.4.0/avr5\libgcc.a(_udivmodhi4.o)
 .text.libgcc.builtins
                0x00000000        0x0 c:/program files (x86)/atmel/studio/7.0/toolchain/avr8/avr8-gnu-toolchain/bin/../lib/gcc/avr/5.4.0/avr5\libgcc.a(_udivmodhi4.o)
 .text.libgcc.fmul
                0x00000000        0x0 c:/program files (x86)/atmel/studio/7.0/toolchain/avr8/avr8-gnu-toolchain/bin/../lib/gcc/avr/5.4.0/avr5\libgcc.a(_udivmodhi4.o)
 .text.libgcc.fixed
                0x00000000        0x0 c:/program files (x86)/atmel/studio/7.0/toolchain/avr8/avr8-gnu-toolchain/bin/../lib/gcc/avr/5.4.0/avr5\libgcc.a(_udivmodhi4.o)

Memory Configuration

Name             Origin             Length             Attributes
text             0x00000000         0x00008000         xr
data             0x00800060         0x00000800         rw !x
eeprom           0x00810000         0x00000400         rw !x
fuse             0x00820000         0x00000002         rw !x
lock             0x00830000         0x00000400         rw !x
signature        0x00840000         0x00000400         rw !x
user_signatures  0x00850000         0x00000400         rw !x
*default*        0x00000000         0xffffffff

Linker script and memory map

LOAD C:/Program Files (x86)/Atmel/Studio/7.0/Packs/atmel/ATmega_DFP/1.6.364/gcc/dev/atmega32/avr5/crtatmega32.o
LOAD APP/main.o
LOAD HAL/Buzzer/Buzzer.o
LOAD HAL/DcMotor/DcMotor.o
LOAD HAL/Eeprom/Eeprom.o
LOAD HAL/Hc_05/Hc_05.o
LOAD HAL/KeyPad/KeyPad.o
LOAD HAL/Lcd/Lcd.o
LOAD HAL/Led/led.o
LOAD HAL/PushButton/PushButton.o
LOAD HAL/Relay/Relay.o
LOAD HAL/ServoMotor/ServoMotor.o
LOAD HAL/Ssd/Ssd.o
LOAD HAL/TempSensor/TempSensor.o
LOAD MCAL/Adc/Adc.o
LOAD MCAL/Dio/Dio_prog.o
LOAD MCAL/ExtInt/ExtInt.o
LOAD MCAL/Spi/Spi.o
LOAD MCAL/Timer0/Timer0.o
LOAD MCAL/Timer1/Timer1.o
LOAD MCAL/Twi/Twi.o
LOAD MCAL/Uart/Uart.o
LOAD MCAL/Wdt/Wdt.o
START GROUP
LOAD c:/program files (x86)/atmel/studio/7.0/toolchain/avr8/avr8-gnu-toolchain/bin/../lib/gcc/avr/5.4.0/../../../../avr/lib/avr5\libm.a
END GROUP
START GROUP
LOAD c:/program files (x86)/atmel/studio/7.0/toolchain/avr8/avr8-gnu-toolchain/bin/../lib/gcc/avr/5.4.0/avr5\libgcc.a
LOAD c:/program files (x86)/atmel/studio/7.0/toolchain/avr8/avr8-gnu-toolchain/bin/../lib/gcc/avr/5.4.0/../../../../avr/lib/avr5\libm.a
LOAD c:/program files (x86)/atmel/studio/7.0/toolchain/avr8/avr8-gnu-toolchain/bin/../lib/gcc/avr/5.4.0/../../../../avr/lib/avr5\libc.a
LOAD C:/Program Files (x86)/Atmel/Studio/7.0/Packs/atmel/ATmega_DFP/1.6.364/gcc/dev/atmega32/avr5\libatmega32.a
END GROUP
                0x00000000                __TEXT_REGION_ORIGIN__ = DEFINED (__TEXT_REGION_ORIGIN__)?__TEXT_REGION_ORIGIN__:0x0
                [0x00800060]                __DATA_REGION_ORIGIN__ = DEFINED (__DATA_REGION_ORIGIN__)?__DATA_REGION_ORIGIN__:0x800060
                [0x00008000]                __TEXT_REGION_LENGTH__ = DEFINED (__TEXT_REGION_LENGTH__)?__TEXT_REGION_LENGTH__:0x20000
                [0x00000800]                __DATA_REGION_LENGTH__ = DEFINED (__DATA_REGION_LENGTH__)?__DATA_REGION_LENGTH__:0xffa0
                [0x00000400]                __EEPROM_REGION_LENGTH__ = DEFINED (__EEPROM_REGION_LENGTH__)?__EEPROM_REGION_LENGTH__:0x10000
                [0x00000002]                __FUSE_REGION_LENGTH__ = DEFINED (__FUSE_REGION_LENGTH__)?__FUSE_REGION_LENGTH__:0x400
                0x00000400                __LOCK_REGION_LENGTH__ = DEFINED (__LOCK_REGION_LENGTH__)?__LOCK_REGION_LENGTH__:0x400
                0x00000400                __SIGNATURE_REGION_LENGTH__ = DEFINED (__SIGNATURE_REGION_LENGTH__)?__SIGNATURE_REGION_LENGTH__:0x400
                0x00000400                __USER_SIGNATURE_REGION_LENGTH__ = DEFINED (__USER_SIGNATURE_REGION_LENGTH__)?__USER_SIGNATURE_REGION_LENGTH__:0x400

.hash
 *(.hash)

.dynsym
 *(.dynsym)

.dynstr
 *(.dynstr)

.gnu.version
 *(.gnu.version)

.gnu.version_d
 *(.gnu.version_d)

.gnu.version_r
 *(.gnu.version_r)

.rel.init
 *(.rel.init)

.rela.init
 *(.rela.init)

.rel.text
 *(.rel.text)
 *(.rel.text.*)
 *(.rel.gnu.linkonce.t*)

.rela.text
 *(.rela.text)
 *(.rela.text.*)
 *(.rela.gnu.linkonce.t*)

.rel.fini
 *(.rel.fini)

.rela.fini
 *(.rela.fini)

.rel.rodata
 *(.rel.rodata)
 *(.rel.rodata.*)
 *(.rel.gnu.linkonce.r*)

.rela.rodata
 *(.rela.rodata)
 *(.rela.rodata.*)
 *(.rela.gnu.linkonce.r*)

.rel.data
 *(.rel.data)
 *(.rel.data.*)
 *(.rel.gnu.linkonce.d*)

.rela.data
 *(.rela.data)
 *(.rela.data.*)
 *(.rela.gnu.linkonce.d*)

.rel.ctors
 *(.rel.ctors)

.rela.ctors
 *(.rela.ctors)

.rel.dtors
 *(.rel.dtors)

.rela.dtors
 *(.rela.dtors)

.rel.got
 *(.rel.got)

.rela.got
 *(.rela.got)

.rel.bss
 *(.rel.bss)

.rela.bss
 *(.rela.bss)

.rel.plt
 *(.rel.plt)

.rela.plt
 *(.rela.plt)

.text           0x00000000      0x560
 *(.vectors)
 .vectors       0x00000000       0x54 C:/Program Files (x86)/Atmel/Studio/7.0/Packs/atmel/ATmega_DFP/1.6.364/gcc/dev/atmega32/avr5/crtatmega32.o
                0x00000000                __vector_default
                0x00000000                __vectors
 *(.vectors)
 *(.progmem.gcc*)
                0x00000054                . = ALIGN (0x2)
                0x00000054                __trampolines_start = .
 *(.trampolines)
 .trampolines   0x00000054        0x0 linker stubs
 *(.trampolines*)
                0x00000054                __trampolines_end = .
 *libprintf_flt.a:*(.progmem.data)
 *libc.a:*(.progmem.data)
 *(.progmem*)
                0x00000054                . = ALIGN (0x2)
 *(.jumptables)
 *(.jumptables*)
 *(.lowtext)
 *(.lowtext*)
                0x00000054                __ctors_start = .
 *(.ctors)
                0x00000054                __ctors_end = .
                0x00000054                __dtors_start = .
 *(.dtors)
                0x00000054                __dtors_end = .
 SORT(*)(.ctors)
 SORT(*)(.dtors)
 *(.init0)
 .init0         0x00000054        0x0 C:/Program Files (x86)/Atmel/Studio/7.0/Packs/atmel/ATmega_DFP/1.6.364/gcc/dev/atmega32/avr5/crtatmega32.o
                0x00000054                __init
 *(.init0)
 *(.init1)
 *(.init1)
 *(.init2)
 .init2         0x00000054        0xc C:/Program Files (x86)/Atmel/Studio/7.0/Packs/atmel/ATmega_DFP/1.6.364/gcc/dev/atmega32/avr5/crtatmega32.o
 *(.init2)
 *(.init3)
 *(.init3)
 *(.init4)
 .init4         0x00000060       0x16 c:/program files (x86)/atmel/studio/7.0/toolchain/avr8/avr8-gnu-toolchain/bin/../lib/gcc/avr/5.4.0/avr5\libgcc.a(_copy_data.o)
                0x00000060                __do_copy_data
 .init4         0x00000076       0x10 c:/program files (x86)/atmel/studio/7.0/toolchain/avr8/avr8-gnu-toolchain/bin/../lib/gcc/avr/5.4.0/avr5\libgcc.a(_clear_bss.o)
                0x00000076                __do_clear_bss
 *(.init4)
 *(.init5)
 *(.init5)
 *(.init6)
 *(.init6)
 *(.init7)
 *(.init7)
 *(.init8)
 *(.init8)
 *(.init9)
 .init9         0x00000086        0x8 C:/Program Files (x86)/Atmel/Studio/7.0/Packs/atmel/ATmega_DFP/1.6.364/gcc/dev/atmega32/avr5/crtatmega32.o
 *(.init9)
 *(.text)
 .text          0x0000008e        0x4 C:/Program Files (x86)/Atmel/Studio/7.0/Packs/atmel/ATmega_DFP/1.6.364/gcc/dev/atmega32/avr5/crtatmega32.o
                0x0000008e                __vector_12
                0x0000008e                __bad_interrupt
                0x0000008e                __vector_6
                0x0000008e                __vector_3
                0x0000008e                __vector_11
                0x0000008e                __vector_13
                0x0000008e                __vector_17
                0x0000008e                __vector_19
                0x0000008e                __vector_7
                0x0000008e                __vector_5
                0x0000008e                __vector_4
                0x0000008e                __vector_9
                0x0000008e                __vector_2
                0x0000008e                __vector_15
                0x0000008e                __vector_8
                0x0000008e                __vector_14
                0x0000008e                __vector_18
                0x0000008e                __vector_20
                0x00000092                . = ALIGN (0x2)
 *(.text.*)
 .text.main     0x00000092       0x1e APP/main.o
                0x00000092                main
 .text.H_Lcd_WriteCharacter
                0x000000b0       0x7e HAL/Lcd/Lcd.o
                0x000000b0                H_Lcd_WriteCharacter
 .text.H_Lcd_WriteCommand
                0x0000012e       0x7e HAL/Lcd/Lcd.o
                0x0000012e                H_Lcd_WriteCommand
 .text.H_Lcd_Init
                0x000001ac       0x78 HAL/Lcd/Lcd.o
                0x000001ac                H_Lcd_Init
 .text.__vector_16
                0x00000224       0x28 MCAL/Adc/Adc.o
                0x00000224                __vector_16
 .text.M_Dio_PinMode
                0x0000024c      0x112 MCAL/Dio/Dio_prog.o
                0x0000024c                M_Dio_PinMode
 .text.M_Dio_PinWrite
                0x0000035e      0x112 MCAL/Dio/Dio_prog.o
                0x0000035e                M_Dio_PinWrite
 .text.__vector_1
                0x00000470       0x4e MCAL/ExtInt/ExtInt.o
                0x00000470                __vector_1
 .text.__vector_10
                0x000004be       0x9e MCAL/Timer0/Timer0.o
                0x000004be                __vector_10
                0x0000055c                . = ALIGN (0x2)
 *(.fini9)
 .fini9         0x0000055c        0x0 c:/program files (x86)/atmel/studio/7.0/toolchain/avr8/avr8-gnu-toolchain/bin/../lib/gcc/avr/5.4.0/avr5\libgcc.a(_exit.o)
                0x0000055c                _exit
                0x0000055c                exit
 *(.fini9)
 *(.fini8)
 *(.fini8)
 *(.fini7)
 *(.fini7)
 *(.fini6)
 *(.fini6)
 *(.fini5)
 *(.fini5)
 *(.fini4)
 *(.fini4)
 *(.fini3)
 *(.fini3)
 *(.fini2)
 *(.fini2)
 *(.fini1)
 *(.fini1)
 *(.fini0)
 .fini0         0x0000055c        0x4 c:/program files (x86)/atmel/studio/7.0/toolchain/avr8/avr8-gnu-toolchain/bin/../lib/gcc/avr/5.4.0/avr5\libgcc.a(_exit.o)
 *(.fini0)
                0x00000560                _etext = .

.data           0x00800060        0x0 load address 0x00000560
                0x00800060                PROVIDE (__data_start, .)
 *(.data)
 *(.data*)
 *(.gnu.linkonce.d*)
 *(.rodata)
 *(.rodata*)
 *(.gnu.linkonce.r*)
                0x00800060                . = ALIGN (0x2)
                0x00800060                _edata = .
                0x00800060                PROVIDE (__data_end, .)

.bss            0x00800060        0xe
                0x00800060                PROVIDE (__bss_start, .)
 *(.bss)
 *(.bss*)
 .bss.x         0x00800060        0x2 MCAL/Adc/Adc.o
                0x00800060                x
 .bss.Local_u32_Counter.1673
                0x00800062        0x4 MCAL/Timer0/Timer0.o
 .bss.CallBack_Timer0
                0x00800066        0x2 MCAL/Timer0/Timer0.o
                0x00800066                CallBack_Timer0
 .bss.Timer0_Num_of_CompareMatch
                0x00800068        0x4 MCAL/Timer0/Timer0.o
                0x00800068                Timer0_Num_of_CompareMatch
 *(COMMON)
 COMMON         0x0080006c        0x2 MCAL/ExtInt/ExtInt.o
                0x0080006c                CallBack_ExtInt
                0x0080006e                PROVIDE (__bss_end, .)
                0x00000560                __data_load_start = LOADADDR (.data)
                0x00000560                __data_load_end = (__data_load_start + SIZEOF (.data))

.noinit         0x0080006e        0x0
                [!provide]                PROVIDE (__noinit_start, .)
 *(.noinit*)
                [!provide]                PROVIDE (__noinit_end, .)
                0x0080006e                _end = .
                [!provide]                PROVIDE (__heap_start, .)

.eeprom         0x00810000        0x0
 *(.eeprom*)
                0x00810000                __eeprom_end = .

.fuse
 *(.fuse)
 *(.lfuse)
 *(.hfuse)
 *(.efuse)

.lock
 *(.lock*)

.signature
 *(.signature*)

.user_signatures
 *(.user_signatures*)

.stab
 *(.stab)

.stabstr
 *(.stabstr)

.stab.excl
 *(.stab.excl)

.stab.exclstr
 *(.stab.exclstr)

.stab.index
 *(.stab.index)

.stab.indexstr
 *(.stab.indexstr)

.comment        0x00000000       0x30
 *(.comment)
 .comment       0x00000000       0x30 APP/main.o
                                 0x31 (size before relaxing)
 .comment       0x00000030       0x31 HAL/Lcd/Lcd.o
 .comment       0x00000030       0x31 MCAL/Adc/Adc.o
 .comment       0x00000030       0x31 MCAL/Dio/Dio_prog.o
 .comment       0x00000030       0x31 MCAL/ExtInt/ExtInt.o
 .comment       0x00000030       0x31 MCAL/Timer0/Timer0.o

.note.gnu.avr.deviceinfo
                0x00000000       0x3c
 .note.gnu.avr.deviceinfo
                0x00000000       0x3c C:/Program Files (x86)/Atmel/Studio/7.0/Packs/atmel/ATmega_DFP/1.6.364/gcc/dev/atmega32/avr5/crtatmega32.o

.note.gnu.build-id
 *(.note.gnu.build-id)

.debug
 *(.debug)

.line
 *(.line)

.debug_srcinfo
 *(.debug_srcinfo)

.debug_sfnames
 *(.debug_sfnames)

.debug_aranges  0x00000000      0x1a8
 *(.debug_aranges)
 .debug_aranges
                0x00000000       0x38 APP/main.o
 .debug_aranges
                0x00000038       0x60 HAL/Lcd/Lcd.o
 .debug_aranges
                0x00000098       0x28 MCAL/Adc/Adc.o
 .debug_aranges
                0x000000c0       0x50 MCAL/Dio/Dio_prog.o
 .debug_aranges
                0x00000110       0x30 MCAL/ExtInt/ExtInt.o
 .debug_aranges
                0x00000140       0x68 MCAL/Timer0/Timer0.o

.debug_pubnames
 *(.debug_pubnames)

.debug_info     0x00000000     0x14d3
 *(.debug_info .gnu.linkonce.wi.*)
 .debug_info    0x00000000      0x4e6 C:/Program Files (x86)/Atmel/Studio/7.0/Packs/atmel/ATmega_DFP/1.6.364/gcc/dev/atmega32/avr5/crtatmega32.o
 .debug_info    0x000004e6      0x1ac APP/main.o
 .debug_info    0x00000692      0x75c HAL/Lcd/Lcd.o
 .debug_info    0x00000dee       0xf4 MCAL/Adc/Adc.o
 .debug_info    0x00000ee2      0x286 MCAL/Dio/Dio_prog.o
 .debug_info    0x00001168      0x106 MCAL/ExtInt/ExtInt.o
 .debug_info    0x0000126e      0x265 MCAL/Timer0/Timer0.o

.debug_abbrev   0x00000000      0x9f7
 *(.debug_abbrev)
 .debug_abbrev  0x00000000      0x4a3 C:/Program Files (x86)/Atmel/Studio/7.0/Packs/atmel/ATmega_DFP/1.6.364/gcc/dev/atmega32/avr5/crtatmega32.o
 .debug_abbrev  0x000004a3       0xa6 APP/main.o
 .debug_abbrev  0x00000549      0x16b HAL/Lcd/Lcd.o
 .debug_abbrev  0x000006b4       0xa8 MCAL/Adc/Adc.o
 .debug_abbrev  0x0000075c       0xb8 MCAL/Dio/Dio_prog.o
 .debug_abbrev  0x00000814       0xc0 MCAL/ExtInt/ExtInt.o
 .debug_abbrev  0x000008d4      0x123 MCAL/Timer0/Timer0.o

.debug_line     0x00000000      0xc0e
 *(.debug_line .debug_line.* .debug_line_end)
 .debug_line    0x00000000      0x116 C:/Program Files (x86)/Atmel/Studio/7.0/Packs/atmel/ATmega_DFP/1.6.364/gcc/dev/atmega32/avr5/crtatmega32.o
 .debug_line    0x00000116       0xcc APP/main.o
 .debug_line    0x000001e2      0x380 HAL/Lcd/Lcd.o
 .debug_line    0x00000562      0x134 MCAL/Adc/Adc.o
 .debug_line    0x00000696      0x25d MCAL/Dio/Dio_prog.o
 .debug_line    0x000008f3      0x107 MCAL/ExtInt/ExtInt.o
 .debug_line    0x000009fa      0x214 MCAL/Timer0/Timer0.o

.debug_frame    0x00000000      0x3f4
 *(.debug_frame)
 .debug_frame   0x00000000       0x54 APP/main.o
 .debug_frame   0x00000054      0x11c HAL/Lcd/Lcd.o
 .debug_frame   0x00000170       0x48 MCAL/Adc/Adc.o
 .debug_frame   0x000001b8       0x84 MCAL/Dio/Dio_prog.o
 .debug_frame   0x0000023c       0x8c MCAL/ExtInt/ExtInt.o
 .debug_frame   0x000002c8      0x12c MCAL/Timer0/Timer0.o

.debug_str      0x00000000      0x7c5
 *(.debug_str)
 .debug_str     0x00000000      0x196 C:/Program Files (x86)/Atmel/Studio/7.0/Packs/atmel/ATmega_DFP/1.6.364/gcc/dev/atmega32/avr5/crtatmega32.o
 .debug_str     0x00000196      0x1b8 APP/main.o
                                0x1ec (size before relaxing)
 .debug_str     0x0000034e      0x182 HAL/Lcd/Lcd.o
                                0x31e (size before relaxing)
 .debug_str     0x000004d0       0x3e MCAL/Adc/Adc.o
                                0x1ba (size before relaxing)
 .debug_str     0x0000050e       0xbe MCAL/Dio/Dio_prog.o
                                0x24a (size before relaxing)
 .debug_str     0x000005cc       0x5b MCAL/ExtInt/ExtInt.o
                                0x1df (size before relaxing)
 .debug_str     0x00000627      0x19e MCAL/Timer0/Timer0.o
                                0x322 (size before relaxing)

.debug_loc      0x00000000      0xab8
 *(.debug_loc)
 .debug_loc     0x00000000      0x5f6 HAL/Lcd/Lcd.o
 .debug_loc     0x000005f6       0x49 MCAL/Adc/Adc.o
 .debug_loc     0x0000063f      0x197 MCAL/Dio/Dio_prog.o
 .debug_loc     0x000007d6       0xcb MCAL/ExtInt/ExtInt.o
 .debug_loc     0x000008a1      0x217 MCAL/Timer0/Timer0.o

.debug_macinfo
 *(.debug_macinfo)

.debug_weaknames
 *(.debug_weaknames)

.debug_funcnames
 *(.debug_funcnames)

.debug_typenames
 *(.debug_typenames)

.debug_varnames
 *(.debug_varnames)

.debug_pubtypes
 *(.debug_pubtypes)

.debug_ranges   0x00000000      0x148
 *(.debug_ranges)
 .debug_ranges  0x00000000       0x28 APP/main.o
 .debug_ranges  0x00000028       0x50 HAL/Lcd/Lcd.o
 .debug_ranges  0x00000078       0x18 MCAL/Adc/Adc.o
 .debug_ranges  0x00000090       0x40 MCAL/Dio/Dio_prog.o
 .debug_ranges  0x000000d0       0x20 MCAL/ExtInt/ExtInt.o
 .debug_ranges  0x000000f0       0x58 MCAL/Timer0/Timer0.o

.debug_macro
 *(.debug_macro)
OUTPUT(My_code.elf elf32-avr)
LOAD linker stubs
